[www.srsexteriors.com/index.html]
[backblue.gif]
[fade.gif]
[index.html]
[cmsplatform.blob.core.windows.net/wwwsrsexteriorscom/favicon/favicon8dce.png]
[www.srsexteriors.com/css/bundle.ui.default/index7342.html]
[connect.facebook.net/en_US/fbevents.js]
[www.srsexteriors.com/img/logo.png]
[www.srsexteriors.com/img/logo-white.png]
[www.srsexteriors.com/roofing/index.html]
[www.srsexteriors.com/roofing/attic-insulation/index.html]
[www.srsexteriors.com/roofing/commercial/index.html]
[www.srsexteriors.com/roofing/commercial-repair/index.html]
[www.srsexteriors.com/roofing/options-materials/index.html]
[www.srsexteriors.com/siding/index.html]
[www.srsexteriors.com/roofing/replacement/index.html]
[www.srsexteriors.com/siding/options-materials/index.html]
[www.srsexteriors.com/replacement-windows/index.html]
[www.srsexteriors.com/gutters/index.html]
[www.srsexteriors.com/replacement-windows/options-materials/index.html]
[www.srsexteriors.com/gutters/guards/index.html]
[www.srsexteriors.com/storm-restoration/index.html]
[www.srsexteriors.com/img/home/hero-sponsor-bbb.png]
[www.srsexteriors.com/img/home/hero-sponsor-5star.jpg]
[www.srsexteriors.com/storm-restoration/hail-damage/index.html]
[www.srsexteriors.com/storm-restoration/wind-damage/index.html]
[www.srsexteriors.com/about-us/index.html]
[www.srsexteriors.com/img/home/hero-sponsor-hardie.png]
[www.srsexteriors.com/blog/index.html]
[www.srsexteriors.com/offers/index.html]
[www.srsexteriors.com/img/home/hero-sponsor-pella.png]
[www.srsexteriors.com/gallery/index.html]
[www.srsexteriors.com/img/home/sponsors-oc.jpg]
[www.srsexteriors.com/careers/index.html]
[www.srsexteriors.com/img/home/sponsors-andersen.jpg]
[www.srsexteriors.com/contact-us/index.html]
[www.srsexteriors.com/offers/warranty/index.html]
[www.srsexteriors.com/reviews/index.html]
[www.srsexteriors.com/offers/financing/index.html]
[www.srsexteriors.com/img/home/sponsors-angies.jpg]
[www.srsexteriors.com/service-areas/index.html]
[www.srsexteriors.com/customer-service/index.html]
[www.srsexteriors.com/img/home/sponsors-gaf.jpg]
[www.srsexteriors.com/offers/video-quote/index.html]
[www.srsexteriors.com/img/home/sponsors-homeadvisor.jpg]
[www.srsexteriors.com/img/home/sponsors-marvin.jpg]
[www.srsexteriors.com/img/home/service-roofreplace.jpg]
[www.srsexteriors.com/img/home/service-roofreplace-hover.jpg]
[www.srsexteriors.com/img/home/service-sidingreplace.jpg]
[www.srsexteriors.com/img/home/service-sidingreplace-hover.jpg]
[www.srsexteriors.com/img/home/service-windowreplace.jpg]
[www.srsexteriors.com/img/home/service-windowreplace-hover.jpg]
[www.srsexteriors.com/img/home/service-gutters.jpg]
[www.srsexteriors.com/img/home/service-gutters-hover.jpg]
[www.srsexteriors.com/img/home/service-storm.jpg]
[www.srsexteriors.com/img/home/service-storm-hover.jpg]
[cmsplatform.blob.core.windows.net/wwwsrsexteriorscom/gallery/original/dbdcec7c-60ca-4ca2-8790-efd13cf05193.jpg]
[www.srsexteriors.com/img/ph-rectangle.png]
[cmsplatform.blob.core.windows.net/wwwsrsexteriorscom/gallery/original/eb32dea3-a409-47a3-bce1-12c9a8599ca7.jpg]
[cmsplatform.blob.core.windows.net/wwwsrsexteriorscom/gallery/original/64bb6cdf-69db-4566-b24d-6d9713d81446.jpg]
[cmsplatform.blob.core.windows.net/wwwsrsexteriorscom/gallery/original/614d6959-5018-47e9-b2f4-f5d02fbc5f54.jpg]
[www.srsexteriors.com/img/home/areas-map.jpg]
[cmsplatform.blob.core.windows.net/wwwsrsexteriorscom/exit-intent/logo/5ecc8f7c-1607-49b6-9d1f-1998c7499618.png]
[www.srsexteriors.com/offers/installation/index.html]
[www.srsexteriors.com/aurora/index.html]
[www.srsexteriors.com/service-areas/arlington-heights/index.html]
[cmsplatform.blob.core.windows.net/wwwsrsexteriorscom/exit-intent/image/e97b73d5-daeb-4a61-a912-801824aa6f4e.jpg]
[www.srsexteriors.com/index.html]
[www.srsexteriors.com/service-areas/carol-stream/index.html]
[www.srsexteriors.com/service-areas/buffalo-grove/index.html]
[www.srsexteriors.com/chicago/index.html]
[www.srsexteriors.com/fonts/glyphicons-halflings-regular.eot]
[www.srsexteriors.com/service-areas/des-plaines/index.html]
[www.srsexteriors.com/service-areas/evanston/index.html]
[www.srsexteriors.com/service-areas/elmhurst/index.html]
[www.srsexteriors.com/fonts/glyphicons-halflings-regulard41d.eot]
[www.srsexteriors.com/customer-portal/index.html]
[www.srsexteriors.com/naperville/index.html]
[www.srsexteriors.com/privacy-policy/index.html]
[www.srsexteriors.com/fonts/glyphicons-halflings-regular.woff]
[www.srsexteriors.com/site-map/index.html]
[www.srsexteriors.com/js/bundle.ui.default/indexb4a5.html]
[www.srsexteriors.com/fonts/glyphicons-halflings-regular.ttf]
[www.srsexteriors.com/fonts/fa-brands-400.eot]
[www.srsexteriors.com/fonts/fa-brands-400d41d.eot]
[www.srsexteriors.com/fonts/fa-brands-400.woff2]
[www.srsexteriors.com/fonts/fa-brands-400.woff]
[www.srsexteriors.com/fonts/fa-brands-400.ttf]
[www.srsexteriors.com/fonts/fa-duotone-900.eot]
[www.srsexteriors.com/fonts/fa-duotone-900d41d.eot]
[www.srsexteriors.com/fonts/fa-duotone-900.woff2]
[www.srsexteriors.com/fonts/fa-duotone-900.woff]
[www.srsexteriors.com/fonts/fa-duotone-900.ttf]
[www.srsexteriors.com/fonts/fa-light-300.eot]
[www.srsexteriors.com/fonts/fa-light-300d41d.eot]
[www.srsexteriors.com/fonts/fa-light-300.woff2]
[www.srsexteriors.com/fonts/fa-light-300.woff]
[www.srsexteriors.com/fonts/fa-light-300.ttf]
[www.srsexteriors.com/fonts/fa-regular-400.eot]
[www.srsexteriors.com/fonts/fa-regular-400d41d.eot]
[www.srsexteriors.com/fonts/fa-regular-400.woff2]
[www.srsexteriors.com/fonts/fa-regular-400.woff]
[www.srsexteriors.com/fonts/fa-regular-400.ttf]
[www.srsexteriors.com/fonts/fa-solid-900.eot]
[www.srsexteriors.com/fonts/fa-solid-900d41d.eot]
[www.srsexteriors.com/fonts/fa-solid-900.woff2]
[www.srsexteriors.com/fonts/fa-solid-900.woff]
[www.srsexteriors.com/fonts/fa-solid-900.ttf]
[www.srsexteriors.com/img/page/quote-bg.jpg]
[www.srsexteriors.com/img/home/hero1.jpg]
[www.srsexteriors.com/img/home/hero2.jpg]
[www.srsexteriors.com/img/home/hero3.jpg]
[www.srsexteriors.com/img/home/benefit-bg.jpg]
[www.srsexteriors.com/css/bundle.ui.default/index7342.html]
[connect.facebook.net/en_US/fbevents.js]
[www.googletagmanager.com/gtm5445.html]
[www.srsexteriors.com/img/page/hero-roofing.jpg]
[www.srsexteriors.com/img/page/service-roofing-materials.jpg]
[www.srsexteriors.com/img/page/service-roofing-materials-hover.jpg]
[www.srsexteriors.com/img/page/service-roofing-commercial.jpg]
[www.srsexteriors.com/img/page/service-roofing-commercial-hover.jpg]
[www.srsexteriors.com/img/page/service-roofing-comrepair.jpg]
[www.srsexteriors.com/img/page/service-roofing-comrepair-hover.jpg]
[cmsplatform.blob.core.windows.net/wwwsrsexteriorscom/gallery/original/b082870f-6d94-42ed-b1c4-1f6ea1bd7e61.jpg]
[cmsplatform.blob.core.windows.net/wwwsrsexteriorscom/gallery/original/0a577a9c-a207-4f47-b463-fc1061577941.jpg]
[cmsplatform.blob.core.windows.net/wwwsrsexteriorscom/gallery/original/4e84cb89-31b5-47b6-b86e-11ab1b98d750.jpg]
[cmsplatform.blob.core.windows.net/wwwsrsexteriorscom/gallery/original/91719b79-4ce6-4fdd-b353-7186bff43381.jpg]
[www.srsexteriors.com/roofing/index.html]
[cmsplatform.blob.core.windows.net/wwwsrsexteriorscom/gallery/original/a6676367-3609-4a76-bcf9-116bef08c669.jpg]
[www.srsexteriors.com/img/home/sponsors-homeadvisor.png]
[www.srsexteriors.com/roofing/attic-insulation/index.html]
[cmsplatform.blob.core.windows.net/wwwsrsexteriorscom/gallery/original/700bb291-a6ea-4918-9199-01094e4158a9.jpg]
[www.srsexteriors.com/roofing/commercial/index.html]
[cmsplatform.blob.core.windows.net/wwwsrsexteriorscom/gallery/original/b0d9b052-83ff-4cd1-9896-b76e5d5b5676.jpg]
[www.srsexteriors.com/roofing/commercial-repair/index.html]
[cmsplatform.blob.core.windows.net/wwwsrsexteriorscom/gallery/original/ddd6c69b-5b0c-492a-81f4-930b39162332.jpg]
[cmsplatform.blob.core.windows.net/wwwsrsexteriorscom/gallery/original/d2d22f63-5aa6-431d-9988-0782f4bfd9b8.jpg]
[cmsplatform.blob.core.windows.net/wwwsrsexteriorscom/gallery/original/57d6ac5a-ebed-4f92-b3c7-2446e23dddcd.jpg]
[cmsplatform.blob.core.windows.net/wwwsrsexteriorscom/gallery/original/eda60b08-2b35-455c-8c9c-79ab028b7e25.jpg]
[www.srsexteriors.com/roofing/options-materials/index.html]
[cmsplatform.blob.core.windows.net/wwwsrsexteriorscom/gallery/original/23e4d665-a182-4a71-b0e0-d74d6b83c662.jpg]
[cmsplatform.blob.core.windows.net/wwwsrsexteriorscom/gallery/original/f5e8ee20-3de0-499e-898f-8b77af5c32f0.jpg]
[cmsplatform.blob.core.windows.net/wwwsrsexteriorscom/gallery/original/661bab13-876b-4d48-9d53-d2043eef45eb.jpg]
[cmsplatform.blob.core.windows.net/wwwsrsexteriorscom/gallery/original/7664eac5-3f0c-4b8b-b812-94e02a597902.jpg]
[www.srsexteriors.com/roofing/replacement/index.html]
[www.srsexteriors.com/img/page/hero-siding.jpg]
[www.srsexteriors.com/img/page/about-siding.jpg]
[cmsplatform.blob.core.windows.net/wwwsrsexteriorscom/gallery/original/c185a068-499d-4d1c-9c60-04c5af6a1042.jpg]
[cmsplatform.blob.core.windows.net/wwwsrsexteriorscom/gallery/original/74c9c799-4c1a-4547-beb0-92e1c21f9064.jpg]
[cmsplatform.blob.core.windows.net/wwwsrsexteriorscom/gallery/original/d5d58248-d603-41e9-ad72-034e2a31bb43.jpg]
[cmsplatform.blob.core.windows.net/wwwsrsexteriorscom/gallery/original/82c4813a-a328-47ff-a8c9-cec327bc8c95.jpg]
[www.srsexteriors.com/siding/index.html]
[cmsplatform.blob.core.windows.net/wwwsrsexteriorscom/gallery/original/3fbe7e61-3e90-4f95-9942-701c5c8fb41f.jpg]
[cmsplatform.blob.core.windows.net/wwwsrsexteriorscom/gallery/original/a0a85362-df53-4a89-b98f-15020111431c.jpg]
[cmsplatform.blob.core.windows.net/wwwsrsexteriorscom/gallery/original/e03651a3-69c8-442b-adce-4cbc2437f929.jpg]
[cmsplatform.blob.core.windows.net/wwwsrsexteriorscom/gallery/original/56f7bd71-8ab3-40a8-bf21-e75e654aea76.jpg]
[www.srsexteriors.com/siding/options-materials/index.html]
[www.srsexteriors.com/img/page/hero-windows.jpg]
[www.srsexteriors.com/img/page/about-windows.jpg]
[cmsplatform.blob.core.windows.net/wwwsrsexteriorscom/gallery/original/3eaf23d5-3c61-460c-b4f6-d601d798d613.jpg]
[cmsplatform.blob.core.windows.net/wwwsrsexteriorscom/gallery/original/2944b091-df5c-45e2-bc8f-e0e1c5063822.jpg]
[cmsplatform.blob.core.windows.net/wwwsrsexteriorscom/gallery/original/7a345186-68ad-4bbc-9ff3-fc6366f91d4a.jpg]
[cmsplatform.blob.core.windows.net/wwwsrsexteriorscom/gallery/original/4661da9a-e5d1-4307-90b3-18e6880c6d5c.jpg]
[www.srsexteriors.com/replacement-windows/index.html]
[cmsplatform.blob.core.windows.net/wwwsrsexteriorscom/gallery/original/86c21422-c9c7-4173-8679-7dc81534610d.jpg]
[cmsplatform.blob.core.windows.net/wwwsrsexteriorscom/gallery/original/fad1d735-e5c6-442e-a6ff-c852bf8172aa.jpg]
[cmsplatform.blob.core.windows.net/wwwsrsexteriorscom/gallery/original/a80e1d7f-2635-4357-912b-eb6a69b36144.jpg]
[cmsplatform.blob.core.windows.net/wwwsrsexteriorscom/gallery/original/66a79676-256f-44df-9466-69255a5d8f5c.jpg]
[www.srsexteriors.com/replacement-windows/options-materials/index.html]
[www.srsexteriors.com/img/page/hero-gutters.jpg]
[www.srsexteriors.com/img/page/about-gutters.jpg]
[cmsplatform.blob.core.windows.net/wwwsrsexteriorscom/gallery/original/3f086751-cd8c-43ea-8587-49995c507a78.jpg]
[cmsplatform.blob.core.windows.net/wwwsrsexteriorscom/gallery/original/8b418d09-c893-4f0c-b3e9-dffeef08da8c.jpg]
[cmsplatform.blob.core.windows.net/wwwsrsexteriorscom/gallery/original/bddc2404-7449-4487-a7bb-9870efe4b11b.jpg]
[cmsplatform.blob.core.windows.net/wwwsrsexteriorscom/gallery/original/a62f2a0a-8a3f-4c53-a4bf-765b11cbf44e.jpg]
[www.srsexteriors.com/gutters/index.html]
[cmsplatform.blob.core.windows.net/wwwsrsexteriorscom/gallery/original/723353e0-75c1-45b4-81da-60e6b312a005.jpg]
[cmsplatform.blob.core.windows.net/wwwsrsexteriorscom/gallery/original/15591604-2ae8-4ba7-9699-8d544061525b.jpg]
[cmsplatform.blob.core.windows.net/wwwsrsexteriorscom/gallery/original/445358b3-0085-45d8-9f41-3b3b611c1ce1.jpg]
[cmsplatform.blob.core.windows.net/wwwsrsexteriorscom/gallery/original/2a83a992-2922-41ed-aeb6-9e8064c519c9.jpg]
[www.srsexteriors.com/gutters/guards/index.html]
[www.srsexteriors.com/img/page/hero-storm.jpg]
[www.srsexteriors.com/img/page/service-storm-hail.jpg]
[www.srsexteriors.com/img/page/service-storm-hail-hover.jpg]
[www.srsexteriors.com/img/page/service-storm-wind.jpg]
[www.srsexteriors.com/img/page/service-storm-wind-hover.jpg]
[cmsplatform.blob.core.windows.net/wwwsrsexteriorscom/gallery/original/a6524f8d-0b2c-48ea-b6ed-b3cdd8719bab.jpg]
[cmsplatform.blob.core.windows.net/wwwsrsexteriorscom/gallery/original/9a1c565a-f690-489a-85ab-a21be75d6f50.jpg]
[cmsplatform.blob.core.windows.net/wwwsrsexteriorscom/gallery/original/66bc6daa-5215-4cd5-a52c-ff22427e7d56.jpg]
[cmsplatform.blob.core.windows.net/wwwsrsexteriorscom/gallery/original/493209cb-70c2-45fc-a4c9-750485b1456c.jpg]
[www.srsexteriors.com/storm-restoration/index.html]
[cmsplatform.blob.core.windows.net/wwwsrsexteriorscom/gallery/original/9a9dbebe-9cd3-4969-aa9f-cab28d3ea661.jpg]
[cmsplatform.blob.core.windows.net/wwwsrsexteriorscom/gallery/original/4de19c76-df25-40b5-9e15-514201297556.jpg]
[cmsplatform.blob.core.windows.net/wwwsrsexteriorscom/gallery/original/3b37f3ec-fc85-400a-9b6d-cd6062189be6.jpg]
[cmsplatform.blob.core.windows.net/wwwsrsexteriorscom/gallery/original/7290b2b3-5aff-4b85-a298-c9f8c574a002.jpg]
[www.srsexteriors.com/storm-restoration/hail-damage/index.html]
[cmsplatform.blob.core.windows.net/wwwsrsexteriorscom/gallery/original/12849652-6dc7-4bdc-8d16-dcf7906d087c.jpg]
[cmsplatform.blob.core.windows.net/wwwsrsexteriorscom/gallery/original/859a3d57-4838-4283-80bd-5535323ea309.jpg]
[cmsplatform.blob.core.windows.net/wwwsrsexteriorscom/gallery/original/ea031ecf-b510-43b7-ba99-6c811e3c7fa7.jpg]
[cmsplatform.blob.core.windows.net/wwwsrsexteriorscom/gallery/original/4d9c470a-42ce-4c3b-bd78-90202a666468.jpg]
[www.srsexteriors.com/storm-restoration/wind-damage/index.html]
[cmsplatform.blob.core.windows.net/wwwsrsexteriorscom/gallery/original/c53b2c55-2e41-4139-a575-08756a74d783.jpg]
[cmsplatform.blob.core.windows.net/wwwsrsexteriorscom/gallery/original/716826ed-8eed-458a-bec3-637d3d2cb063.jpg]
[cmsplatform.blob.core.windows.net/wwwsrsexteriorscom/gallery/original/a00455a9-db0b-4af0-903a-12b218d52857.jpg]
[cmsplatform.blob.core.windows.net/wwwsrsexteriorscom/gallery/original/8211230a-9d81-49fe-a819-792e1507b4ea.jpg]
[www.srsexteriors.com/img/google-static-map-placeholder.gif]
[www.srsexteriors.com/about-us/index.html]
[www.srsexteriors.com/blog/index.html]
[www.srsexteriors.com/offers/index.html]
[www.srsexteriors.com/blog/d.1910/index.html]
[www.srsexteriors.com/blog/p.191016000/welcome-to-our-new-website/index.html]
[www.srsexteriors.com/blog/a.srs-exteriors/index.html]
[www.srsexteriors.com/gallery/index.html]
[www.srsexteriors.com/reviews/index.html]
[www.srsexteriors.com/reviews/bad9fc3c-36bb-448b-aeb3-5163b75ff39f/index.html]
[www.srsexteriors.com/reviews/b474f4ad-f161-483b-afe0-6c095b07f540/index.html]
[www.srsexteriors.com/reviews/ad0b2fa1-9b04-45c1-be0a-fe6b394e1d06/index.html]
[www.srsexteriors.com/careers/index.html]
[www.srsexteriors.com/reviews/e123e17b-f7da-486c-976b-61796b202591/index.html]
[www.srsexteriors.com/reviews/db1d8f02-870a-41ae-a0d5-3071812475b9/index.html]
[www.srsexteriors.com/reviews/8109091d-5e66-4967-a87c-119af96d29a2/index.html]
[www.srsexteriors.com/past-projects/index.html]
[www.srsexteriors.com/contact-us/index.html]
[www.srsexteriors.com/blog/rss/index.html]
[cmsplatform.blob.core.windows.net/wwwsrsexteriorscom/offers/images/medium/52686132-e620-4ef5-b03b-31e4b9f77aa0.jpg]
[www.srsexteriors.com/offers/warranty/index.html]
[cmsplatform.blob.core.windows.net/wwwsrsexteriorscom/offers/images/medium/a2dc2a92-1b96-4929-9187-0a3ee7cc9b16.jpg]
[www.srsexteriors.com/offers/financing/index.html]
[www.srsexteriors.com/service-areas/index.html]
[www.srsexteriors.com/customer-service/index.html]
[www.srsexteriors.com/service-areas/glenview/index.html]
[www.srsexteriors.com/service-areas/lombard/index.html]
[cmsplatform.blob.core.windows.net/wwwsrsexteriorscom/offers/images/medium/1bee84cb-ebca-491c-98e6-e8a8df11edde.jpg]
[www.srsexteriors.com/offers/video-quote/index.html]
[www.srsexteriors.com/service-areas/mount-prospect/index.html]
[www.srsexteriors.com/service-areas/oak-park/index.html]
[www.srsexteriors.com/past-projects/index572a.html]
[www.srsexteriors.com/service-areas/palatine/index.html]
[cmsplatform.blob.core.windows.net/wwwsrsexteriorscom/offers/images/medium/ab1475b5-235d-4f7c-b15d-5e0459632b09.jpg]
[www.srsexteriors.com/offers/installation/index.html]
[www.srsexteriors.com/service-areas/skokie/index.html]
[www.srsexteriors.com/service-areas/wheaton/index.html]
[cmsplatform.blob.core.windows.net/wwwsrsexteriorscom/gallery/original/86d47953-5c80-42c1-bbcd-a5b6c2e2f747.jpg]
[cmsplatform.blob.core.windows.net/wwwsrsexteriorscom/gallery/original/539501d0-0f27-446c-9910-71206855fbde.jpg]
[cmsplatform.blob.core.windows.net/wwwsrsexteriorscom/gallery/original/84665bb8-f0a1-4e3c-bfa9-8b9785ff4317.jpg]
[cmsplatform.blob.core.windows.net/wwwsrsexteriorscom/gallery/original/67176018-4528-4764-b5fb-8d38bf6cf704.jpg]
[www.srsexteriors.com/service-areas/arlington-heights/index.html]
[cmsplatform.blob.core.windows.net/wwwsrsexteriorscom/gallery/original/9a96055f-d004-483b-b800-cf28e954a363.jpg]
[cmsplatform.blob.core.windows.net/wwwsrsexteriorscom/gallery/original/6fd90f31-551b-48fb-923b-acc738c63ced.jpg]
[cmsplatform.blob.core.windows.net/wwwsrsexteriorscom/gallery/original/1c378574-9094-4078-a6d1-c2bdacb6f026.jpg]
[cmsplatform.blob.core.windows.net/wwwsrsexteriorscom/gallery/original/f9a0fbbb-970a-44f3-b42f-277dfd281191.jpg]
[www.srsexteriors.com/aurora/index.html]
[www.srsexteriors.com/service-areas/bolingbrook/index.html]
[www.srsexteriors.com/aurora/siding/index.html]
[cmsplatform.blob.core.windows.net/wwwsrsexteriorscom/gallery/original/92993eae-273d-4132-81e0-844ad875eb7c.ab.delayed]
[www.srsexteriors.com/aurora/window-replacement/index.html]
[www.srsexteriors.com/aurora/gutters/index.html]
[cmsplatform.blob.core.windows.net/wwwsrsexteriorscom/gallery/original/9e0e4cb9-1921-43d0-a727-8cb4e475b1cc.jpg]
[www.srsexteriors.com/aurora/storm-restoration/index.html]
[www.srsexteriors.com/bolingbrook/index.html]
[cmsplatform.blob.core.windows.net/wwwsrsexteriorscom/gallery/original/82983bbd-3aff-4f1a-994d-b208f2515c87.jpg]
[cmsplatform.blob.core.windows.net/wwwsrsexteriorscom/gallery/original/84427660-410f-4796-b17a-27637d4b03b9.jpg]
[www.srsexteriors.com/service-areas/buffalo-grove/index.html]
[cmsplatform.blob.core.windows.net/wwwsrsexteriorscom/gallery/original/ba901492-b9d6-46c7-826a-bcf645a40f7c.jpg]
[cmsplatform.blob.core.windows.net/wwwsrsexteriorscom/gallery/original/4e3c9dde-6afa-4af3-ab72-598ce4ebcbeb.jpg]
[cmsplatform.blob.core.windows.net/wwwsrsexteriorscom/gallery/original/e7102429-1b19-43c3-b756-ed3dd59f4e53.jpg]
[cmsplatform.blob.core.windows.net/wwwsrsexteriorscom/gallery/original/73dbc4b1-6e54-4ee1-9c3b-3c35d49f33b7.jpg]
[www.srsexteriors.com/service-areas/carol-stream/index.html]
[cmsplatform.blob.core.windows.net/wwwsrsexteriorscom/gallery/original/56d00675-cbf2-4f3b-9dc2-3d9a07d4d7a0.jpg]
[cmsplatform.blob.core.windows.net/wwwsrsexteriorscom/gallery/original/0c26f169-42e4-4152-8c2c-34cc0d992ce1.jpg]
[cmsplatform.blob.core.windows.net/wwwsrsexteriorscom/gallery/original/8213ef3f-561e-47aa-9c37-111ae31c57ad.jpg]
[cmsplatform.blob.core.windows.net/wwwsrsexteriorscom/gallery/original/f6509353-cfc6-4024-921a-2f17abff3083.jpg]
[www.srsexteriors.com/chicago/index.html]
[cmsplatform.blob.core.windows.net/wwwsrsexteriorscom/gallery/original/ca84f2b9-1ff3-4d3a-97f1-d71d5abc5e0e.jpg]
[www.srsexteriors.com/chicago/window-replacement/index.html]
[www.srsexteriors.com/chicago/siding/index.html]
[cmsplatform.blob.core.windows.net/wwwsrsexteriorscom/gallery/original/cb2123c2-8f31-40ee-bfd4-acaadf814276.jpg]
[cmsplatform.blob.core.windows.net/wwwsrsexteriorscom/gallery/original/5e852172-de19-4df5-b645-d34e01bff22b.jpg]
[www.srsexteriors.com/chicago/storm-restoration/index.html]
[www.srsexteriors.com/chicago/gutters/index.html]
[cmsplatform.blob.core.windows.net/wwwsrsexteriorscom/gallery/original/5bfeebf8-8870-4b96-8811-ffdf286ddc16.jpg]
[www.srsexteriors.com/service-areas/des-plaines/index.html]
[www.srsexteriors.com/service-areas/downers-grove/index.html]
[cmsplatform.blob.core.windows.net/wwwsrsexteriorscom/gallery/original/8be168e3-0d2f-4787-bc17-993b26016dfd.jpg]
[cmsplatform.blob.core.windows.net/wwwsrsexteriorscom/gallery/original/d10c4bad-a649-4e9b-85c8-e5034bfc34cb.jpg]
[www.srsexteriors.com/downers-grove/index.html]
[cmsplatform.blob.core.windows.net/wwwsrsexteriorscom/gallery/original/60bd7ec7-ebd1-48d8-98fa-13d7b8f2e202.jpg]
[cmsplatform.blob.core.windows.net/wwwsrsexteriorscom/gallery/original/274143b9-d0b2-4885-88f4-5a1746acc770.jpg]
[www.srsexteriors.com/service-areas/elmhurst/index.html]
[cmsplatform.blob.core.windows.net/wwwsrsexteriorscom/gallery/original/a13ea609-caba-44f4-b840-b05695cd52ed.jpg]
[cmsplatform.blob.core.windows.net/wwwsrsexteriorscom/gallery/original/c932c44e-fb99-4bd4-934a-e8fbabc5ba60.jpg]
[cmsplatform.blob.core.windows.net/wwwsrsexteriorscom/gallery/original/57e191e2-e0ec-4976-86d8-0f484c60b169.jpg]
[cmsplatform.blob.core.windows.net/wwwsrsexteriorscom/gallery/original/dfa2071b-3651-4668-b29f-db98e073a575.jpg]
[www.srsexteriors.com/service-areas/evanston/index.html]
[www.srsexteriors.com/customer-portal/index.html]
[cmsplatform.blob.core.windows.net/wwwsrsexteriorscom/gallery/original/95c903f5-6a58-4254-a992-214af360f51f.jpg]
[cmsplatform.blob.core.windows.net/wwwsrsexteriorscom/gallery/original/49884567-bbbb-43d5-8211-8a4048eb0dad.jpg]
[cmsplatform.blob.core.windows.net/wwwsrsexteriorscom/gallery/original/1b226c38-3c56-4336-b564-966d94eb2568.jpg]
[cmsplatform.blob.core.windows.net/wwwsrsexteriorscom/gallery/original/43399cfc-7fbb-43d6-9877-cd95036b9661.jpg]
[www.srsexteriors.com/naperville/index.html]
[www.srsexteriors.com/privacy-policy/index.html]
[www.srsexteriors.com/site-map/index.html]
[www.srsexteriors.com/naperville/siding/index.html]
[www.srsexteriors.com/naperville/window-replacement/index.html]
[www.srsexteriors.com/fonts/glyphicons-halflings-regular.svg]
[www.srsexteriors.com/naperville/gutters/index.html]
[www.srsexteriors.com/naperville/storm-restoration/index.html]
[www.srsexteriors.com/aurora/roofing/index.html]
[www.srsexteriors.com/bolingbrook/roofing/index.html]
[www.srsexteriors.com/fonts/fa-brands-400.svg]
[www.srsexteriors.com/chicago/roofing/index.html]
[www.srsexteriors.com/downers-grove/roofing/index.html]
[www.srsexteriors.com/hoffman-estates/index.html]
[www.srsexteriors.com/naperville/roofing/index.html]
[www.srsexteriors.com/roof-storm-damage/index.html]
[www.srsexteriors.com/hoffman-estates/roofing/index.html]
[www.srsexteriors.com/schaumburg/roofing/index.html]
[www.srsexteriors.com/schaumburg/index.html]
[www.srsexteriors.com/fonts/fa-duotone-900.svg]
[www.srsexteriors.com/fonts/fa-light-300.svg]
[www.srsexteriors.com/fonts/fa-regular-400.svg]
[www.srsexteriors.com/fonts/fa-solid-900.svg]
[www.srsexteriors.com/POST/index.html]
[www.srsexteriors.com/blog/p.191016000/welcome-to-our-new-website/index.html]
[www.srsexteriors.com/blog/a.srs-exteriors/index.html]
[www.srsexteriors.com/blog/d.1910/index.html]
[cmsplatform.blob.core.windows.net/wwwsrsexteriorscom/reviews/open-graph-review.jpg]
[www.srsexteriors.com/reviews/b474f4ad-f161-483b-afe0-6c095b07f540/index.html]
[www.srsexteriors.com/reviews/bad9fc3c-36bb-448b-aeb3-5163b75ff39f/index.html]
[www.srsexteriors.com/reviews/ad0b2fa1-9b04-45c1-be0a-fe6b394e1d06/index.html]
[www.srsexteriors.com/reviews/e123e17b-f7da-486c-976b-61796b202591/index.html]
[www.srsexteriors.com/reviews/db1d8f02-870a-41ae-a0d5-3071812475b9/index.html]
[www.srsexteriors.com/reviews/8109091d-5e66-4967-a87c-119af96d29a2/index.html]
[www.srsexteriors.com/img/past-projects/apple-icon-57x57.png]
[www.srsexteriors.com/img/past-projects/apple-icon-72x72.png]
[www.srsexteriors.com/img/past-projects/apple-icon-114x114.png]
[www.srsexteriors.com/img/past-projects/apple-icon-180x180.png]
[www.srsexteriors.com/img/past-projects/icon-project.png]
[www.srsexteriors.com/past-projects/index572a.html]
[www.srsexteriors.com/js/markerclusterer.js]
[cmsplatform.blob.core.windows.net/wwwsrsexteriorscom/gallery/original/24770511-41bb-4c7c-a94e-a4b089dc7400.jpg]
[cmsplatform.blob.core.windows.net/wwwsrsexteriorscom/gallery/original/f7e444fd-d3dd-446a-9fff-ba71db503390.jpg]
[cmsplatform.blob.core.windows.net/wwwsrsexteriorscom/gallery/original/0667a5df-e393-4654-97ff-939cff0c28b1.jpg]
[cmsplatform.blob.core.windows.net/wwwsrsexteriorscom/gallery/original/b9239537-889c-4285-aceb-61e717526c8c.jpg]
[www.srsexteriors.com/service-areas/glenview/index.html]
[www.srsexteriors.com/service-areas/hoffman-estates/index.html]
[cmsplatform.blob.core.windows.net/wwwsrsexteriorscom/gallery/original/f5633f85-cb85-475d-8589-f56ad24ef800.jpg]
[cmsplatform.blob.core.windows.net/wwwsrsexteriorscom/gallery/original/01dd4eaf-4de3-4742-8453-509ab4729eb9.jpg]
[cmsplatform.blob.core.windows.net/wwwsrsexteriorscom/gallery/original/2e4f39f4-b7ad-4c41-9b10-5a636876d8c7.jpg]
[cmsplatform.blob.core.windows.net/wwwsrsexteriorscom/gallery/original/5a7c6785-ae1c-4549-b407-2fdae6ef4ace.jpg]
[www.srsexteriors.com/service-areas/lombard/index.html]
[cmsplatform.blob.core.windows.net/wwwsrsexteriorscom/gallery/original/56f2cbb7-139c-4546-acf9-bcd87c8c299b.jpg]
[cmsplatform.blob.core.windows.net/wwwsrsexteriorscom/gallery/original/48c71c5f-ea50-4aa8-85fa-4ea1c5cc94b5.jpg]
[cmsplatform.blob.core.windows.net/wwwsrsexteriorscom/gallery/original/c506aa90-e5be-4308-b7da-b24f6696a1d6.jpg]
[cmsplatform.blob.core.windows.net/wwwsrsexteriorscom/gallery/original/76d45375-a996-4f59-975a-5a0448791f3d.jpg]
[www.srsexteriors.com/service-areas/mount-prospect/index.html]
[cmsplatform.blob.core.windows.net/wwwsrsexteriorscom/gallery/original/33787f9e-4b37-4730-a529-043aa8b70539.jpg]
[cmsplatform.blob.core.windows.net/wwwsrsexteriorscom/gallery/original/b1faf54d-79bf-4b06-bd0a-66f823c3b1bf.jpg]
[cmsplatform.blob.core.windows.net/wwwsrsexteriorscom/gallery/original/d740a6b0-2d74-43a8-a161-ccbdf022f0cf.jpg]
[cmsplatform.blob.core.windows.net/wwwsrsexteriorscom/gallery/original/08f73efa-8265-40ae-b2b3-96f658743edc.jpg]
[www.srsexteriors.com/service-areas/oak-park/index.html]
[cmsplatform.blob.core.windows.net/wwwsrsexteriorscom/gallery/original/c9e093d2-d7f4-4a4b-ab0b-740a16caa9ab.jpg]
[cmsplatform.blob.core.windows.net/wwwsrsexteriorscom/gallery/original/a32664f4-f98b-4d98-86d5-26a26165ace2.jpg]
[cmsplatform.blob.core.windows.net/wwwsrsexteriorscom/gallery/original/f7d8057b-4113-4ede-8467-1ad76bc0ba6e.jpg]
[cmsplatform.blob.core.windows.net/wwwsrsexteriorscom/gallery/original/19e1b7d5-385f-4ba5-ac7b-1ecebbd91776.jpg]
[www.srsexteriors.com/service-areas/palatine/index.html]
[www.srsexteriors.com/service-areas/schaumburg/index.html]
[cmsplatform.blob.core.windows.net/wwwsrsexteriorscom/gallery/original/67812963-9285-4601-a3f0-b2ce61848361.jpg]
[cmsplatform.blob.core.windows.net/wwwsrsexteriorscom/gallery/original/de8ea507-fc17-4a03-b33a-c2d26d016ce6.jpg]
[cmsplatform.blob.core.windows.net/wwwsrsexteriorscom/gallery/original/d14d9493-cb0f-4a82-9fc1-592f52150c11.jpg]
[cmsplatform.blob.core.windows.net/wwwsrsexteriorscom/gallery/original/c9032562-17b7-43ca-b57b-9215886139e6.jpg]
[www.srsexteriors.com/service-areas/skokie/index.html]
[cmsplatform.blob.core.windows.net/wwwsrsexteriorscom/gallery/original/a7806026-afde-4763-952f-acb006ec641b.jpg]
[cmsplatform.blob.core.windows.net/wwwsrsexteriorscom/gallery/original/355b6019-37be-4869-873b-f27790e69f79.jpg]
[cmsplatform.blob.core.windows.net/wwwsrsexteriorscom/gallery/original/73753881-0d07-42cd-aeb4-8f5fbd7765cf.jpg]
[cmsplatform.blob.core.windows.net/wwwsrsexteriorscom/gallery/original/f9ff4666-220c-4dc6-b414-f308b05399b4.jpg]
[www.srsexteriors.com/service-areas/wheaton/index.html]
[www.srsexteriors.com/aurora/roofing-contractor/index.html]
[cmsplatform.blob.core.windows.net/wwwsrsexteriorscom/gallery/original/d8f7261a-00fe-45ac-a5ac-39d3b9b39c8a.jpg]
[cmsplatform.blob.core.windows.net/wwwsrsexteriorscom/gallery/original/0bb5734e-3478-40d8-be82-33e4e9ba6b29.jpg]
[cmsplatform.blob.core.windows.net/wwwsrsexteriorscom/gallery/original/a89ccf32-1d39-4c73-b3eb-328dc41fc331.jpg]
[cmsplatform.blob.core.windows.net/wwwsrsexteriorscom/gallery/original/d6b765ff-af66-4138-b432-71bd0bd35fbd.jpg]
[www.srsexteriors.com/aurora/siding/index.html]
[cmsplatform.blob.core.windows.net/wwwsrsexteriorscom/gallery/original/d1038892-86a3-4f11-a06e-c33119e8172b.jpg]
[cmsplatform.blob.core.windows.net/wwwsrsexteriorscom/gallery/original/385359b0-e29b-4edc-a919-7cee87906227.jpg]
[cmsplatform.blob.core.windows.net/wwwsrsexteriorscom/gallery/original/c03ba249-674d-4c93-8df7-a27a44da7840.jpg]
[cmsplatform.blob.core.windows.net/wwwsrsexteriorscom/gallery/original/a9de944c-adcd-4f88-babb-1b0fc46e24d7.jpg]
[www.srsexteriors.com/aurora/window-replacement/index.html]
[cmsplatform.blob.core.windows.net/wwwsrsexteriorscom/gallery/original/1db13085-9355-4a7a-a207-c64f2fef4a7a.jpg]
[cmsplatform.blob.core.windows.net/wwwsrsexteriorscom/gallery/original/bd4ef86b-e48e-4d68-bd6c-0e871364e7c9.jpg]
[cmsplatform.blob.core.windows.net/wwwsrsexteriorscom/gallery/original/7ba87a7b-bd81-4e12-8334-c0a823934fdb.jpg]
[cmsplatform.blob.core.windows.net/wwwsrsexteriorscom/gallery/original/3dc7ac6c-e42f-4ca8-8b09-a73d0bf77e6d.jpg]
[www.srsexteriors.com/aurora/gutters/index.html]
[cmsplatform.blob.core.windows.net/wwwsrsexteriorscom/gallery/original/f7acdabc-7153-48d8-95cb-31aa817183be.jpg]
[cmsplatform.blob.core.windows.net/wwwsrsexteriorscom/gallery/original/6b85727e-85a2-4a62-a3b2-310fd9a8a92c.jpg]
[cmsplatform.blob.core.windows.net/wwwsrsexteriorscom/gallery/original/b8d312c6-687c-4425-b169-459d09ca133c.jpg]
[cmsplatform.blob.core.windows.net/wwwsrsexteriorscom/gallery/original/1e1fa934-cf50-449f-87c3-a788d7c39d9a.jpg]
[www.srsexteriors.com/aurora/storm-restoration/index.html]
[cmsplatform.blob.core.windows.net/wwwsrsexteriorscom/gallery/original/298ee509-7c66-4dd9-bc17-3875b26e7f18.jpg]
[cmsplatform.blob.core.windows.net/wwwsrsexteriorscom/gallery/original/3c2041d7-01b0-4b7d-bf91-fc7fc233e000.jpg]
[cmsplatform.blob.core.windows.net/wwwsrsexteriorscom/gallery/original/3a7430f8-cdc4-419e-96ba-99d50425188d.jpg]
[cmsplatform.blob.core.windows.net/wwwsrsexteriorscom/gallery/original/969330ab-ef2e-4188-9fa6-909f89604759.jpg]
[www.srsexteriors.com/bolingbrook/index.html]
[www.srsexteriors.com/chicago/roofing-contractor/index.html]
[cmsplatform.blob.core.windows.net/wwwsrsexteriorscom/gallery/original/48a587c4-ff1c-4670-b566-2675920c9d2f.jpg]
[cmsplatform.blob.core.windows.net/wwwsrsexteriorscom/gallery/original/e911be73-8857-4101-a0d5-b3a397f55d07.jpg]
[cmsplatform.blob.core.windows.net/wwwsrsexteriorscom/gallery/original/bb25abdf-230f-4ab0-9a0b-b3d6aaca00bd.jpg]
[cmsplatform.blob.core.windows.net/wwwsrsexteriorscom/gallery/original/c87e29b4-3df3-48e6-94fe-2d651b1f87fb.jpg]
[www.srsexteriors.com/chicago/siding/index.html]
[cmsplatform.blob.core.windows.net/wwwsrsexteriorscom/gallery/original/3fd6a87c-5568-45be-88e9-649a587b607f.jpg]
[cmsplatform.blob.core.windows.net/wwwsrsexteriorscom/gallery/original/53d2a303-9834-4ffe-9f06-e02763cdb3d0.jpg]
[cmsplatform.blob.core.windows.net/wwwsrsexteriorscom/gallery/original/8ad6cd33-c5b4-46cc-8505-bdbd015c3ee2.jpg]
[cmsplatform.blob.core.windows.net/wwwsrsexteriorscom/gallery/original/df826ed5-89e8-44bb-9dd3-550f54652e2e.jpg]
[www.srsexteriors.com/chicago/window-replacement/index.html]
[cmsplatform.blob.core.windows.net/wwwsrsexteriorscom/gallery/original/ee5e939f-06c7-40f8-9079-b403e619477b.jpg]
[cmsplatform.blob.core.windows.net/wwwsrsexteriorscom/gallery/original/4e7918ed-16c2-473a-9424-e8e8e646dba1.jpg]
[cmsplatform.blob.core.windows.net/wwwsrsexteriorscom/gallery/original/e8dfd36d-d724-4b51-a338-9bb7420a0a80.jpg]
[cmsplatform.blob.core.windows.net/wwwsrsexteriorscom/gallery/original/5fd3239a-214d-4b26-9058-e029760aae17.jpg]
[www.srsexteriors.com/chicago/gutters/index.html]
[cmsplatform.blob.core.windows.net/wwwsrsexteriorscom/gallery/original/559cb829-9f57-4ef7-b5db-5276fe061241.jpg]
[cmsplatform.blob.core.windows.net/wwwsrsexteriorscom/gallery/original/53250866-648e-490c-82f3-878e53449b8f.jpg]
[cmsplatform.blob.core.windows.net/wwwsrsexteriorscom/gallery/original/4b088966-6e6c-4f6a-b799-3b0bfb78802b.jpg]
[cmsplatform.blob.core.windows.net/wwwsrsexteriorscom/gallery/original/50697f37-b819-43c0-8008-c7cdf1648c60.jpg]
[www.srsexteriors.com/chicago/storm-restoration/index.html]
[cmsplatform.blob.core.windows.net/wwwsrsexteriorscom/gallery/original/aa03aac1-a856-40ae-80f2-ae72254b7221.jpg]
[cmsplatform.blob.core.windows.net/wwwsrsexteriorscom/gallery/original/e20fc08b-bd5b-41d0-98c4-b8584d2473c6.jpg]
[cmsplatform.blob.core.windows.net/wwwsrsexteriorscom/gallery/original/9f28747a-1e4b-4c9a-8091-2f759e59dca2.jpg]
[cmsplatform.blob.core.windows.net/wwwsrsexteriorscom/gallery/original/73b40fa5-e9ec-41fb-90c3-6bc204d90550.jpg]
[www.srsexteriors.com/downers-grove/index.html]
[www.srsexteriors.com/naperville/roofing-contractor/index.html]
[cmsplatform.blob.core.windows.net/wwwsrsexteriorscom/gallery/original/2acf773d-b437-4006-ab9c-64146764c561.jpg]
[cmsplatform.blob.core.windows.net/wwwsrsexteriorscom/gallery/original/a9b37b9c-30ec-40e4-a993-a3beef28e007.jpg]
[cmsplatform.blob.core.windows.net/wwwsrsexteriorscom/gallery/original/563fa137-3738-4501-93d1-c0ae840e4fbc.jpg]
[cmsplatform.blob.core.windows.net/wwwsrsexteriorscom/gallery/original/a64e822e-a207-4a5b-b36e-2ec5349448f6.jpg]
[www.srsexteriors.com/naperville/siding/index.html]
[cmsplatform.blob.core.windows.net/wwwsrsexteriorscom/gallery/original/e9ba88a9-1393-4ce1-8612-8e2b29ef62eb.jpg]
[cmsplatform.blob.core.windows.net/wwwsrsexteriorscom/gallery/original/f576ae49-5270-4962-a722-dbb1d1239e15.jpg]
[cmsplatform.blob.core.windows.net/wwwsrsexteriorscom/gallery/original/2f8b0661-0c48-41b0-9a99-b9da0194a900.jpg]
[cmsplatform.blob.core.windows.net/wwwsrsexteriorscom/gallery/original/9f8a168c-0f3a-4ba7-8f1d-d96cb08f640d.jpg]
[www.srsexteriors.com/naperville/window-replacement/index.html]
[cmsplatform.blob.core.windows.net/wwwsrsexteriorscom/gallery/original/1fea7f5a-646f-4640-9985-44413bf94bd9.jpg]
[cmsplatform.blob.core.windows.net/wwwsrsexteriorscom/gallery/original/cc548a23-3e06-402e-9c1c-dc1a79e95cb4.jpg]
[cmsplatform.blob.core.windows.net/wwwsrsexteriorscom/gallery/original/d069b6f8-9518-4f63-b6a1-3a92bdfd4f82.jpg]
[cmsplatform.blob.core.windows.net/wwwsrsexteriorscom/gallery/original/f5b46b5e-1bb4-4e34-bb34-e97f81f241eb.jpg]
[www.srsexteriors.com/naperville/gutters/index.html]
[cmsplatform.blob.core.windows.net/wwwsrsexteriorscom/gallery/original/01c48218-3e16-404a-965f-6cf98d5763e6.jpg]
[cmsplatform.blob.core.windows.net/wwwsrsexteriorscom/gallery/original/9928cfdd-0ffd-474a-b805-f003996e6fef.jpg]
[cmsplatform.blob.core.windows.net/wwwsrsexteriorscom/gallery/original/5be10f26-e5fa-45d8-86e0-972fbc8c5dc9.jpg]
[cmsplatform.blob.core.windows.net/wwwsrsexteriorscom/gallery/original/df2c7b7c-32ef-490b-aae9-2d9a6297a7ee.jpg]
[www.srsexteriors.com/naperville/storm-restoration/index.html]
[cmsplatform.blob.core.windows.net/wwwsrsexteriorscom/gallery/original/b767e7d8-9321-4e07-86a8-bce0fc125848.jpg]
[cmsplatform.blob.core.windows.net/wwwsrsexteriorscom/gallery/original/94b7e591-b846-48c6-a1e0-9f18bcb4688f.jpg]
[cmsplatform.blob.core.windows.net/wwwsrsexteriorscom/gallery/original/04a3212d-8760-4261-9908-db219c6b33e8.jpg]
[cmsplatform.blob.core.windows.net/wwwsrsexteriorscom/gallery/original/5ece6af8-213c-4f04-8e43-89e0394d94f7.jpg]
[www.srsexteriors.com/aurora/roofing/index.html]
[www.srsexteriors.com/bolingbrook/roofing/index.html]
[cmsplatform.blob.core.windows.net/wwwsrsexteriorscom/gallery/original/91331a6c-6a8d-4cb4-b3c1-7faef256c49d.jpg]
[cmsplatform.blob.core.windows.net/wwwsrsexteriorscom/gallery/original/a7d786c8-673e-4c1f-a209-a024753666be.jpg]
[cmsplatform.blob.core.windows.net/wwwsrsexteriorscom/gallery/original/66d00224-8a14-485e-a66c-2b0b0047a436.jpg]
[cmsplatform.blob.core.windows.net/wwwsrsexteriorscom/gallery/original/a92731fc-6cba-4934-bd97-5185340aded5.jpg]
[www.srsexteriors.com/chicago/roofing/index.html]
[www.srsexteriors.com/downers-grove/roofing/index.html]
[cmsplatform.blob.core.windows.net/wwwsrsexteriorscom/gallery/original/e1c1b1ec-8c1f-4e47-9174-4adb3f2a5b6a.jpg]
[cmsplatform.blob.core.windows.net/wwwsrsexteriorscom/gallery/original/6ec92e1c-9242-4da7-958a-53d7b7921062.jpg]
[cmsplatform.blob.core.windows.net/wwwsrsexteriorscom/gallery/original/bd904d35-74c4-4693-94f5-540099100493.jpg]
[cmsplatform.blob.core.windows.net/wwwsrsexteriorscom/gallery/original/28ee5078-6d8c-4387-ba64-42bc1b21d00b.jpg]
[www.srsexteriors.com/hoffman-estates/index.html]
[www.srsexteriors.com/hoffman-estates/roofing/index.html]
[cmsplatform.blob.core.windows.net/wwwsrsexteriorscom/gallery/original/ff8ea778-6c3f-4e44-a08d-36bf2f53481e.jpg]
[cmsplatform.blob.core.windows.net/wwwsrsexteriorscom/gallery/original/0657f0c5-b91b-4b66-8d21-6975557c8c40.jpg]
[cmsplatform.blob.core.windows.net/wwwsrsexteriorscom/gallery/original/a39adf24-804d-4f52-a6e3-706af26aeb4f.jpg]
[cmsplatform.blob.core.windows.net/wwwsrsexteriorscom/gallery/original/df67a84e-ce47-4ba2-8b02-b640818594a6.jpg]
[www.srsexteriors.com/naperville/roofing/index.html]
[www.srsexteriors.com/roof-storm-damage/index.html]
[cmsplatform.blob.core.windows.net/wwwsrsexteriorscom/gallery/original/04ea6207-2851-4d91-9857-585a0a57466d.jpg]
[cmsplatform.blob.core.windows.net/wwwsrsexteriorscom/gallery/original/69c1d4f7-f853-49fe-9e79-b28624a9cccc.jpg]
[cmsplatform.blob.core.windows.net/wwwsrsexteriorscom/gallery/original/b7bd9ee6-28ad-472d-90fa-4eff4fe64a01.jpg]
[cmsplatform.blob.core.windows.net/wwwsrsexteriorscom/gallery/original/2ff9883f-c46f-46a4-9448-2fdbc0b471a8.jpg]
[www.srsexteriors.com/schaumburg/index.html]
[www.srsexteriors.com/schaumburg/roofing/index.html]
[www.srsexteriors.com/js/markerclusterer.js]
